// Jest Snapshot v1, https://goo.gl/fbAQLP

exports[`Alert render: context update 1`] = `
<DocumentFragment>
  <div
    style="position: fixed; top: 0px; left: 0px; width: 100%; padding: 10px; opacity: 0.6; background: red; color: white; font-weight: bold;"
  >
    test message
  </div>
</DocumentFragment>
`;
